
> frontend@0.1.0 test
> react-scripts test --ci --watchAll=false --runInBand --verbose

node.exe : PASS src/__tests__/components/SignUp.test.js
At line:1 char:1
+ & "C:\Program Files\nodejs/node.exe" "C:\Users\antho\AppData\Roaming\ ...
+ ~~~~~~~~~~~~~~~~~~~~~~~~~~~~~~~~~~~~~~~~~~~~~~~~~~~~~~~~~~~~~~~~~~~~~
    + CategoryInfo          : NotSpecified: (PASS src/__test.../SignUp.test.js 
   :String) [], RemoteException
    + FullyQualifiedErrorId : NativeCommandError
 
  ΓêÜ SignUp shows email, phone, password and role options (78 ms)
  ΓêÜ SignUp calls registerUser and onSuccess with created user (163 ms)
  ΓêÜ SignUp shows friendly message when account already exists (100 ms)

PASS src/__tests__/pages/MyReservations.test.js
  ΓêÜ shows user reservations when API returns data (36 ms)
  ΓêÜ shows empty helper when user has no matching reservations (14 ms)
  ΓêÜ shows cancelled event message when event status is DELETED (34 ms)

PASS src/__tests__/components/SignIn.test.js
  ΓêÜ SignIn shows form with email/phone and password fields (23 ms)
  ΓêÜ SignIn calls login and onSuccess when credentials are valid (72 ms)
  ΓêÜ SignIn shows error when login fails (71 ms)

PASS src/__tests__/pages/EventsList.test.js
  ΓêÜ customer sees Reserve only for non-PASSED non-FILLED events (32 ms)
  ΓêÜ customer does not see Reserve for DELETED event (14 ms)

PASS src/__tests__/App.test.js
  ΓêÜ renders welcome and MakeSoft branding (28 ms)

PASS src/__tests__/pages/AdminEvents.test.js
  ΓêÜ admin page shows title and Add event when events load (11 ms)

PASS src/__tests__/pages/Welcome.test.js
  ΓêÜ Welcome shows title and Sign In / Sign Up when not logged in (14 ms)
  ΓêÜ Welcome calls onChoose with signin when Sign In is clicked (17 ms)
  ΓêÜ Welcome calls onChoose with signup when Sign Up is clicked (11 ms)
  ΓêÜ Welcome shows Events and Sign out when user is logged in as customer (14 
ms)

PASS src/__tests__/pages/Reserve.test.js
  ΓêÜ Reserve shows sign-in prompt when user is not logged in (4 ms)
  ΓêÜ Reserve shows zero-tickets message when event has 0 tickets (14 ms)

PASS src/__tests__/pages/EventDetail.test.js
  ΓêÜ PASSED event hides Reserve tickets link (15 ms)
  ΓêÜ AVAILABLE event shows Reserve tickets for customer (12 ms)

PASS src/__tests__/services/api.test.js
  api client
    ΓêÜ getEvents returns parsed JSON on success (2 ms)
    ΓêÜ getEvents retries after transient failure then succeeds (1 ms)
    ΓêÜ login returns user JSON on success

Test Suites: 10 passed, 10 total
Tests:       24 passed, 24 total
Snapshots:   0 total
Time:        3.52 s, estimated 5 s
Ran all test suites.
